Microchip MPLAB XC8 Compiler V2.31

Linker command line:

-W-3 --edf=D:\machorrin\Programas\mplab\pic\dat\en_msgs.txt -cn \
  -h+dist/default/production\proyecto-final.X.production.sym \
  --cmf=dist/default/production\proyecto-final.X.production.cmf -z -Q16F887 \
  -oC:\Users\angel\AppData\Local\Temp\s24c.2 --defsym=__MPLAB_BUILD=1 \
  -Mdist/default/production/proyecto-final.X.production.map -E1 \
  -ver=XC8 Compiler --acfsm=1493 -ASTACK=0110h-016Fh -pstack=STACK \
  -ACODE=00h-07FFhx4 -ASTRCODE=00h-01FFFh -ASTRING=00h-0FFhx32 \
  -ACONST=00h-0FFhx32 -AENTRY=00h-0FFhx32 -ACOMMON=070h-07Fh \
  -ABANK0=020h-06Fh -ABANK1=0A0h-0EFh -ABANK2=0110h-016Fh \
  -ABANK3=0190h-01EFh -ARAM=020h-06Fh,0A0h-0EFh,0110h-016Fh,0190h-01EFh \
  -AABS1=020h-07Fh,0A0h-0EFh,0110h-016Fh,0190h-01EFh -ASFR0=00h-01Fh \
  -ASFR1=080h-09Fh -ASFR2=0100h-010Fh -ASFR3=0180h-018Fh \
  -ACONFIG=02007h-02008h -DCONFIG=2 -AIDLOC=02000h-02003h -DIDLOC=2 \
  -AEEDATA=00h-0FFh/02100h -peeprom_data=EEDATA -DEEDATA=2 -DCODE=2 \
  -DSTRCODE=2 -DSTRING=2 -DCONST=2 -DENTRY=2 \
  -preset_vec=00h,intentry=04h,init,end_init -ppowerup=CODE -pcinit=CODE \
  -pfunctab=ENTRY -k C:\Users\angel\AppData\Local\Temp\s24c.o \
  dist/default/production\proyecto-final.X.production.o 

Object code version is 3.11

Machine type is 16F887



                Name                               Link     Load   Length Selector   Space Scale
C:\Users\angel\AppData\Local\Temp\s24c.o
                end_init                              E        E        3        8       0
                reset_vec                             0        0        3        0       0
                config                             2007     2007        2        0       4
dist/default/production\proyecto-final.X.production.o
                cinit                                11       11       35        8       0
                intentry                              4        4        A        8       0
                config                             2007     2007        2        0       4
                text21                              F34      F34        4     1E68       0
                text20                               46       46      114        8       0
                text19                              F3C      F3C        6     1E78       0
                text18                              F8D      F8D       26     1F1A       0
                text17                              64E      64E       72        8       0
                text16                              F4A      F4A        E     1E94       0
                text15                              6C0      6C0       57        8       0
                text14                              FD9      FD9       27     1FB2       0
                text13                              F79      F79       14     1EF2       0
                text12                              4D8      4D8       83        8       0
                text11                              55B      55B       81        8       0
                text10                              F67      F67       12     1ECE       0
                text9                               442      442       96        8       0
                text8                               75D      75D       46      EBA       0
                text7                               7A3      7A3       3C      EBA       0
                text6                               5DC      5DC       72        8       0
                text5                               FB3      FB3       26     1F66       0
                text4                               F58      F58        F     1EB0       0
                text3                               266      266      103        8       0
                text2                               7DF      7DF       21      EBA       0
                text1                               15A      15A      10C        8       0
                maintext                            369      369       D9        8       0
                cstackBANK0                          20       20       1C       20       1
                cstackCOMMON                         70       70        8       70       1
                clrtext                             F42      F42        8     1E84       0
                bssBANK1                             A0       A0       32       A0       1
                dataBANK0                            50       50        1       20       1
                bssBANK0                             3C       3C       12       20       1
                dataCOMMON                           78       78        4       70       1
                bssCOMMON                            7C       7C        2       70       1
                strings                             717      717       46      E2E       0
                nvBANK0                              4E       4E        2       20       1
                idataBANK0                            3        3        1        0       0
                idataCOMMON                         F38      F38        4     1E70       0

TOTAL           Name                               Link     Load   Length     Space
        CLASS   STACK          

        CLASS   CODE           
                end_init                              E        E        3         0
                cinit                                11       11       35         0
                intentry                              4        4        A         0
                reset_vec                             0        0        3         0
                text21                              F34      F34        4         0
                text20                               46       46      114         0
                text19                              F3C      F3C        6         0
                text18                              F8D      F8D       26         0
                text17                              64E      64E       72         0
                text16                              F4A      F4A        E         0
                text15                              6C0      6C0       57         0
                text14                              FD9      FD9       27         0
                text13                              F79      F79       14         0
                text12                              4D8      4D8       83         0
                text11                              55B      55B       81         0
                text10                              F67      F67       12         0
                text9                               442      442       96         0
                text8                               75D      75D       46         0
                text7                               7A3      7A3       3C         0
                text6                               5DC      5DC       72         0
                text5                               FB3      FB3       26         0
                text4                               F58      F58        F         0
                text3                               266      266      103         0
                text2                               7DF      7DF       21         0
                text1                               15A      15A      10C         0
                maintext                            369      369       D9         0
                clrtext                             F42      F42        8         0
                idataBANK0                            3        3        1         0
                idataCOMMON                         F38      F38        4         0

        CLASS   STRCODE        

        CLASS   STRING         
                strings                             717      717       46         0

        CLASS   CONST          

        CLASS   ENTRY          

        CLASS   COMMON         
                cstackCOMMON                         70       70        8         1
                dataCOMMON                           78       78        4         1
                bssCOMMON                            7C       7C        2         1

        CLASS   BANK0          
                cstackBANK0                          20       20       1C         1
                dataBANK0                            50       50        1         1
                bssBANK0                             3C       3C       12         1
                nvBANK0                              4E       4E        2         1

        CLASS   BANK1          
                bssBANK1                             A0       A0       32         1

        CLASS   BANK2          

        CLASS   BANK3          

        CLASS   RAM            

        CLASS   ABS1           
                abs_s1                               7E       7E        2         1

        CLASS   SFR0           

        CLASS   SFR1           

        CLASS   SFR2           

        CLASS   SFR3           

        CLASS   CONFIG         
                config                             2007     2007        2         4

        CLASS   IDLOC          

        CLASS   EEDATA         



SEGMENTS        Name                           Load    Length   Top    Selector   Space  Class     Delta

                reset_vec                      000000  000004  000004         0       0  CODE        2
                intentry                       000004  000713  000717         8       0  CODE        2
                cstackBANK0                    000020  000031  000051        20       1  BANK0       1
                cstackCOMMON                   000070  00000E  00007E        70       1  COMMON      1
                bssBANK1                       0000A0  000032  0000D2        A0       1  BANK1       1
                strings                        000717  000046  00075D       E2E       0  STRING      2
                text8                          00075D  0000A3  000800       EBA       0  CODE        2
                text21                         000F34  000004  000F38      1E68       0  CODE        2
                idataCOMMON                    000F38  000004  000F3C      1E70       0  CODE        2
                text19                         000F3C  000006  000F42      1E78       0  CODE        2
                clrtext                        000F42  000008  000F4A      1E84       0  CODE        2
                text16                         000F4A  00000E  000F58      1E94       0  CODE        2
                text4                          000F58  00000F  000F67      1EB0       0  CODE        2
                text10                         000F67  000012  000F79      1ECE       0  CODE        2
                text13                         000F79  000014  000F8D      1EF2       0  CODE        2
                text18                         000F8D  000026  000FB3      1F1A       0  CODE        2
                text5                          000FB3  000026  000FD9      1F66       0  CODE        2
                text14                         000FD9  000027  001000      1FB2       0  CODE        2


UNUSED ADDRESS RANGES

        Name                Unused          Largest block    Delta
        BANK0            0051-006F             1F           1
        BANK1            00D2-00EF             1E           1
        BANK2            0110-016F             60           1
        BANK3            0190-01EF             60           1
        CODE             0800-0F33            734           2
                         1000-1FFF            800
        CONST            0800-0F33            100           2
                         1000-1FFF            100
        EEDATA           2100-21FF            100           2
        ENTRY            0800-0F33            100           2
                         1000-1FFF            100
        IDLOC            2000-2003              4           2
        RAM              0051-006F             1F           1
                         00D2-00EF             1E
                         0110-016F             60
                         0190-01EF             60
        SFR0             0000-001F             20           1
        SFR1             0080-009F             20           1
        SFR2             0100-010F             10           1
        SFR3             0180-018F             10           1
        STACK            0110-016F             60           1
        STRCODE          0800-0F33            734           2
                         1000-1FFF           1000
        STRING           0800-0F33            100           2
                         1000-1FFF            100

                                  Symbol Table

?___lwdiv                  cstackBANK0  0020
?___lwmod                  cstackBANK0  0020
?___wmul                   cstackBANK0  0020
?_atoi                     cstackBANK0  0026
ISR@aux                    cstackCOMMON 0077
SendChar@caracter          cstackBANK0  0020
SendString@i               cstackBANK0  0027
SendString@largo           cstackBANK0  0023
SendString@string          cstackBANK0  0021
_ADCON0bits                (abs)        001F
_ADCON1                    (abs)        009F
_ADRESH                    (abs)        001E
_ANSEL                     (abs)        0188
_ANSELH                    (abs)        0189
_CCP1CONbits               (abs)        0017
_CCP2CONbits               (abs)        001D
_CCPR1L                    (abs)        0015
_CCPR2L                    (abs)        001B
_EEADR                     (abs)        010D
_EEADRH                    (abs)        010F
_EECON1bits                (abs)        018C
_EECON2                    (abs)        018D
_EEDATA                    (abs)        010C
_INTCONbits                (abs)        000B
_ISR                       text20       0046
_OPTION_REGbits            (abs)        0081
_PIE1bits                  (abs)        008C
_PIR1bits                  (abs)        000C
_PORTA                     (abs)        0005
_PORTAbits                 (abs)        0005
_PORTBbits                 (abs)        0006
_PORTCbits                 (abs)        0007
_PORTDbits                 (abs)        0008
_PR2                       (abs)        0092
_RCREG                     (abs)        001A
_RCSTAbits                 (abs)        0018
_SPBRG                     (abs)        0099
_SendChar                  text16       0F4A
_SendString                text15       06C0
_T0IF                      (abs)        005A
_T1CONbits                 (abs)        0010
_T2CONbits                 (abs)        0012
_TMR0                      (abs)        0001
_TMR1                      (abs)        000E
_TRISA                     (abs)        0085
_TRISAbits                 (abs)        0085
_TRISB                     (abs)        0086
_TRISBbits                 (abs)        0086
_TRISC                     (abs)        0087
_TRISD                     (abs)        0088
_TXREG                     (abs)        0019
_TXSTAbits                 (abs)        0098
__Habs1                    abs1         0000
__Hbank0                   bank0        0000
__Hbank1                   bank1        0000
__Hbank2                   bank2        0000
__Hbank3                   bank3        0000
__HbssBANK0                bssBANK0     0000
__HbssBANK1                bssBANK1     0000
__HbssCOMMON               bssCOMMON    0000
__Hcinit                   cinit        0046
__Hclrtext                 clrtext      0000
__Hcode                    code         0000
__Hcommon                  common       0000
__Hconfig                  config       2009
__HcstackBANK0             cstackBANK0  0000
__HcstackCOMMON            cstackCOMMON 0000
__HdataBANK0               dataBANK0    0000
__HdataCOMMON              dataCOMMON   0000
__Heeprom_data             eeprom_data  0000
__Hend_init                end_init     0011
__Hfunctab                 functab      0000
__HidataBANK0              idataBANK0   0000
__HidataCOMMON             idataCOMMON  0000
__Hinit                    init         000E
__Hintentry                intentry     000E
__Hmaintext                maintext     0000
__HnvBANK0                 nvBANK0      0000
__Hpowerup                 powerup      0000
__Hram                     ram          0000
__Hreset_vec               reset_vec    0003
__Hsfr0                    sfr0         0000
__Hsfr1                    sfr1         0000
__Hsfr2                    sfr2         0000
__Hsfr3                    sfr3         0000
__Hspace_0                 (abs)        1000
__Hspace_1                 (abs)        00D2
__Hspace_2                 (abs)        0000
__Hspace_3                 (abs)        0000
__Hspace_4                 (abs)        4010
__Hstack                   stack        0000
__Hstrings                 strings      0000
__Htext                    text         0000
__Labs1                    abs1         0000
__Lbank0                   bank0        0000
__Lbank1                   bank1        0000
__Lbank2                   bank2        0000
__Lbank3                   bank3        0000
__LbssBANK0                bssBANK0     0000
__LbssBANK1                bssBANK1     0000
__LbssCOMMON               bssCOMMON    0000
__Lcinit                   cinit        0011
__Lclrtext                 clrtext      0000
__Lcode                    code         0000
__Lcommon                  common       0000
__Lconfig                  config       0000
__LcstackBANK0             cstackBANK0  0000
__LcstackCOMMON            cstackCOMMON 0000
__LdataBANK0               dataBANK0    0000
__LdataCOMMON              dataCOMMON   0000
__Leeprom_data             eeprom_data  0000
__Lend_init                end_init     000E
__Lfunctab                 functab      0000
__LidataBANK0              idataBANK0   0000
__LidataCOMMON             idataCOMMON  0000
__Linit                    init         000E
__Lintentry                intentry     0004
__Lmaintext                maintext     0000
__LnvBANK0                 nvBANK0      0000
__Lpowerup                 powerup      0000
__Lram                     ram          0000
__Lreset_vec               reset_vec    0000
__Lsfr0                    sfr0         0000
__Lsfr1                    sfr1         0000
__Lsfr2                    sfr2         0000
__Lsfr3                    sfr3         0000
__Lspace_0                 (abs)        0000
__Lspace_1                 (abs)        0000
__Lspace_2                 (abs)        0000
__Lspace_3                 (abs)        0000
__Lspace_4                 (abs)        0000
__Lstack                   stack        0000
__Lstrings                 strings      0000
__Ltext                    text         0000
__S0                       (abs)        1000
__S1                       (abs)        00D2
__S2                       (abs)        0000
__S3                       (abs)        0000
___int_sp                  stack        0000
___latbits                 (abs)        0002
___lwdiv                   text8        075D
___lwdiv@counter           cstackBANK0  0027
___lwdiv@dividend          cstackBANK0  0022
___lwdiv@divisor           cstackBANK0  0020
___lwdiv@quotient          cstackBANK0  0025
___lwmod                   text7        07A3
___lwmod@counter           cstackBANK0  0025
___lwmod@dividend          cstackBANK0  0022
___lwmod@divisor           cstackBANK0  0020
___sp                      stack        0000
___stackhi                 (abs)        0000
___stacklo                 (abs)        0000
___wmul                    text14       0FD9
___wmul@multiplicand       cstackBANK0  0022
___wmul@multiplier         cstackBANK0  0020
___wmul@product            cstackBANK0  0024
__end_of_ISR               text20       015A
__end_of_SendChar          text16       0F58
__end_of_SendString        text15       0717
__end_of___lwdiv           text8        07A3
__end_of___lwmod           text7        07DF
__end_of___wmul            text14       1000
__end_of__initialization   cinit        0042
__end_of__stringtab        strings      0727
__end_of_aletear           text17       06C0
__end_of_atoi              text12       055B
__end_of_cicloDeTrabajo    text19       0F42
__end_of_ejecutarComando   text11       05DC
__end_of_initUart          text10       0F79
__end_of_isdigit           text13       0F8D
__end_of_itoa              text5        0FD9
__end_of_main              maintext     0442
__end_of_moonwalk          text9        04D8
__end_of_moveCCPservo      text18       0FB3
__end_of_readEEPROM        text4        0F67
__end_of_readPosition      text3        0369
__end_of_savePosition      text1        0266
__end_of_utoa              text6        064E
__end_of_writeEEPROM       text2        0800
__end_ofi1_cicloDeTrabajo  text21       0F38
__initialization           cinit        0011
__pbssBANK0                bssBANK0     003C
__pbssBANK1                bssBANK1     00A0
__pbssCOMMON               bssCOMMON    007C
__pcstackBANK0             cstackBANK0  0020
__pcstackCOMMON            cstackCOMMON 0070
__pdataBANK0               dataBANK0    0050
__pdataCOMMON              dataCOMMON   0078
__pidataBANK0              idataBANK0   0003
__pidataCOMMON             idataCOMMON  0F38
__pintentry                intentry     0004
__pmaintext                maintext     0369
__pnvBANK0                 nvBANK0      004E
__pstrings                 strings      0717
__ptext1                   text1        015A
__ptext10                  text10       0F67
__ptext11                  text11       055B
__ptext12                  text12       04D8
__ptext13                  text13       0F79
__ptext14                  text14       0FD9
__ptext15                  text15       06C0
__ptext16                  text16       0F4A
__ptext17                  text17       064E
__ptext18                  text18       0F8D
__ptext19                  text19       0F3C
__ptext2                   text2        07DF
__ptext20                  text20       0046
__ptext21                  text21       0F34
__ptext3                   text3        0266
__ptext4                   text4        0F58
__ptext5                   text5        0FB3
__ptext6                   text6        05DC
__ptext7                   text7        07A3
__ptext8                   text8        075D
__ptext9                   text9        0442
__size_of_ISR              (abs)        0000
__size_of_SendChar         (abs)        0000
__size_of_SendString       (abs)        0000
__size_of___lwdiv          (abs)        0000
__size_of___lwmod          (abs)        0000
__size_of___wmul           (abs)        0000
__size_of_aletear          (abs)        0000
__size_of_atoi             (abs)        0000
__size_of_cicloDeTrabajo   (abs)        0000
__size_of_ejecutarComando  (abs)        0000
__size_of_initUart         (abs)        0000
__size_of_isdigit          (abs)        0000
__size_of_itoa             (abs)        0000
__size_of_main             (abs)        0000
__size_of_moonwalk         (abs)        0000
__size_of_moveCCPservo     (abs)        0000
__size_of_readEEPROM       (abs)        0000
__size_of_readPosition     (abs)        0000
__size_of_savePosition     (abs)        0000
__size_of_utoa             (abs)        0000
__size_of_writeEEPROM      (abs)        0000
__size_ofi1_cicloDeTrabajo (abs)        0000
__stringbase               strings      0726
__stringtab                strings      0717
_adc1                      bssBANK0     0042
_adc2                      bssBANK0     0041
_aletear                   text17       064E
_angulos                   dataCOMMON   0078
_atoi                      text12       04D8
_cicloDeTrabajo            text19       0F3C
_comando                   bssBANK0     0040
_cont                      bssBANK0     0043
_contador                  bssCOMMON    007D
_contadorDatos             bssCOMMON    007C
_debug                     bssBANK0     0044
_ejecutaComando            bssBANK0     003E
_ejecutarComando           text11       055B
_hayComando                bssBANK0     003F
_initUart                  text10       0F67
_isdigit                   text13       0F79
_isdigit$1211              cstackBANK0  0020
_itoa                      text5        0FB3
_lecturaUart               bssBANK1     00A0
_leerSensor                dataBANK0    0050
_main                      maintext     0369
_moonwalk                  text9        0442
_moveCCPservo              text18       0F8D
_numero                    bssBANK0     004A
_portAactual               nvBANK0      004F
_portAanterior             nvBANK0      004E
_readEEPROM                text4        0F58
_readPosition              text3        0266
_savePosition              text1        015A
_tiempo                    bssBANK0     003C
_utoa                      text6        05DC
_writeEEPROM               text2        07DF
aletear@i                  cstackBANK0  0028
aletear@i_731              cstackBANK0  0029
aletear@i_733              cstackBANK0  002A
atoi@a                     cstackBANK0  002B
atoi@s                     cstackBANK0  002D
atoi@sign                  cstackBANK0  002A
btemp                      (abs)        007E
cicloDeTrabajo@valor       cstackBANK0  0020
clear_ram0                 clrtext      0F42
ejecutarComando@numeros    cstackBANK0  0030
end_of_initialization      cinit        0042
i1_cicloDeTrabajo          text21       0F34
i1cicloDeTrabajo@valor     cstackCOMMON 0070
interrupt_function         intentry     0004
intlevel0                  functab      0000
intlevel1                  functab      0000
intlevel2                  functab      0000
intlevel3                  functab      0000
intlevel4                  functab      0000
intlevel5                  functab      0000
isdigit@c                  cstackBANK0  0021
itoa@base                  cstackBANK0  0033
itoa@buf                   cstackBANK0  0037
itoa@val                   cstackBANK0  0031
moonwalk@i                 cstackBANK0  0028
moonwalk@i_736             cstackBANK0  0029
moonwalk@i_737             cstackBANK0  002A
moonwalk@i_738             cstackBANK0  002B
moveCCPservo@angle         cstackBANK0  0024
moveCCPservo@servo         cstackBANK0  0021
moveCCPservo@valor         cstackBANK0  0025
readEEPROM@direccion       cstackBANK0  0020
readPosition@i             cstackBANK0  003A
reset_vec                  reset_vec    0000
savePosition@i             cstackBANK0  003A
saved_w                    (abs)        007E
start                      init         000E
start_initialization       cinit        0011
utoa@base                  cstackBANK0  002A
utoa@buf                   cstackBANK0  0030
utoa@c                     cstackBANK0  002F
utoa@v                     cstackBANK0  002D
utoa@val                   cstackBANK0  0028
writeEEPROM@data           cstackBANK0  0021
writeEEPROM@direccion      cstackBANK0  0020
wtemp0                     (abs)        007E


FUNCTION INFORMATION:

 *************** function _main *****************
 Defined at:
		line 181 in file "machorrobot.c"
 Parameters:    Size  Location     Type
		None
 Auto vars:     Size  Location     Type
		None
 Return value:  Size  Location     Type
                  1    wreg      void 
 Registers used:
		wreg, fsr0l, fsr0h, status,2, status,0, btemp+1, pclath, cstack
 Tracked objects:
		On entry : 
		On exit  : 
		Unchanged: 
 Data sizes:     COMMON   BANK0   BANK1   BANK3   BANK2
      Params:         0       0       0       0       0
      Locals:         0       0       0       0       0
      Temps:          0       1       0       0       0
      Totals:         0       1       0       0       0
Total ram usage:        1 bytes
 Hardware stack levels required when called:    6
 This function calls:
		_aletear
		_ejecutarComando
		_initUart
		_moonwalk
		_readPosition
		_savePosition
 This function is called by:
		Startup code after reset
 This function uses a non-reentrant model


 *************** function _savePosition *****************
 Defined at:
		line 532 in file "machorrobot.c"
 Parameters:    Size  Location     Type
		None
 Auto vars:     Size  Location     Type
  i               1   26[BANK0 ] unsigned char 
 Return value:  Size  Location     Type
                  1    wreg      void 
 Registers used:
		wreg, fsr0l, fsr0h, status,2, status,0, btemp+1, pclath, cstack
 Tracked objects:
		On entry : 
		On exit  : 
		Unchanged: 
 Data sizes:     COMMON   BANK0   BANK1   BANK3   BANK2
      Params:         0       0       0       0       0
      Locals:         0       1       0       0       0
      Temps:          0       2       0       0       0
      Totals:         0       3       0       0       0
Total ram usage:        3 bytes
 Hardware stack levels used:    1
 Hardware stack levels required when called:    5
 This function calls:
		_SendChar
		_SendString
		_itoa
		_writeEEPROM
 This function is called by:
		_main
 This function uses a non-reentrant model


 *************** function _writeEEPROM *****************
 Defined at:
		line 499 in file "machorrobot.c"
 Parameters:    Size  Location     Type
  data            1    wreg     unsigned char 
  direccion       1    0[BANK0 ] unsigned char 
 Auto vars:     Size  Location     Type
  data            1    1[BANK0 ] unsigned char 
 Return value:  Size  Location     Type
                  1    wreg      void 
 Registers used:
		wreg, status,2
 Tracked objects:
		On entry : 
		On exit  : 
		Unchanged: 
 Data sizes:     COMMON   BANK0   BANK1   BANK3   BANK2
      Params:         0       1       0       0       0
      Locals:         0       1       0       0       0
      Temps:          0       0       0       0       0
      Totals:         0       2       0       0       0
Total ram usage:        2 bytes
 Hardware stack levels used:    1
 Hardware stack levels required when called:    2
 This function calls:
		Nothing
 This function is called by:
		_savePosition
 This function uses a non-reentrant model


 *************** function _readPosition *****************
 Defined at:
		line 558 in file "machorrobot.c"
 Parameters:    Size  Location     Type
		None
 Auto vars:     Size  Location     Type
  i               1   26[BANK0 ] unsigned char 
 Return value:  Size  Location     Type
                  1    wreg      void 
 Registers used:
		wreg, fsr0l, fsr0h, status,2, status,0, btemp+1, pclath, cstack
 Tracked objects:
		On entry : 
		On exit  : 
		Unchanged: 
 Data sizes:     COMMON   BANK0   BANK1   BANK3   BANK2
      Params:         0       0       0       0       0
      Locals:         0       1       0       0       0
      Temps:          0       2       0       0       0
      Totals:         0       3       0       0       0
Total ram usage:        3 bytes
 Hardware stack levels used:    1
 Hardware stack levels required when called:    5
 This function calls:
		_SendChar
		_SendString
		_itoa
		_readEEPROM
 This function is called by:
		_main
 This function uses a non-reentrant model


 *************** function _readEEPROM *****************
 Defined at:
		line 523 in file "machorrobot.c"
 Parameters:    Size  Location     Type
  direccion       1    wreg     unsigned char 
 Auto vars:     Size  Location     Type
  direccion       1    0[BANK0 ] unsigned char 
 Return value:  Size  Location     Type
                  1    wreg      unsigned char 
 Registers used:
		wreg
 Tracked objects:
		On entry : 
		On exit  : 
		Unchanged: 
 Data sizes:     COMMON   BANK0   BANK1   BANK3   BANK2
      Params:         0       0       0       0       0
      Locals:         0       1       0       0       0
      Temps:          0       0       0       0       0
      Totals:         0       1       0       0       0
Total ram usage:        1 bytes
 Hardware stack levels used:    1
 Hardware stack levels required when called:    2
 This function calls:
		Nothing
 This function is called by:
		_readPosition
 This function uses a non-reentrant model


 *************** function _itoa *****************
 Defined at:
		line 4 in file "D:\machorrin\Programas\mplab\pic\sources\c90\common\itoa.c"
 Parameters:    Size  Location     Type
  buf             1    wreg     PTR unsigned char 
		 -> debug(6), 
  val             2   17[BANK0 ] int 
  base            2   19[BANK0 ] int 
 Auto vars:     Size  Location     Type
  buf             1   23[BANK0 ] PTR unsigned char 
		 -> debug(6), 
  cp              1    0        PTR unsigned char 
		 -> debug(6), 
 Return value:  Size  Location     Type
                  1    wreg      PTR unsigned char 
 Registers used:
		wreg, fsr0l, fsr0h, status,2, status,0, pclath, cstack
 Tracked objects:
		On entry : 
		On exit  : 
		Unchanged: 
 Data sizes:     COMMON   BANK0   BANK1   BANK3   BANK2
      Params:         0       4       0       0       0
      Locals:         0       2       0       0       0
      Temps:          0       1       0       0       0
      Totals:         0       7       0       0       0
Total ram usage:        7 bytes
 Hardware stack levels used:    1
 Hardware stack levels required when called:    4
 This function calls:
		_utoa
 This function is called by:
		_savePosition
		_readPosition
 This function uses a non-reentrant model


 *************** function _utoa *****************
 Defined at:
		line 17 in file "D:\machorrin\Programas\mplab\pic\sources\c90\common\itoa.c"
 Parameters:    Size  Location     Type
  buf             1    wreg     PTR unsigned char 
		 -> debug(6), 
  val             2    8[BANK0 ] unsigned int 
  base            2   10[BANK0 ] int 
 Auto vars:     Size  Location     Type
  buf             1   16[BANK0 ] PTR unsigned char 
		 -> debug(6), 
  v               2   13[BANK0 ] unsigned int 
  c               1   15[BANK0 ] unsigned char 
 Return value:  Size  Location     Type
                  1    wreg      PTR unsigned char 
 Registers used:
		wreg, fsr0l, fsr0h, status,2, status,0, pclath, cstack
 Tracked objects:
		On entry : 
		On exit  : 
		Unchanged: 
 Data sizes:     COMMON   BANK0   BANK1   BANK3   BANK2
      Params:         0       4       0       0       0
      Locals:         0       4       0       0       0
      Temps:          0       1       0       0       0
      Totals:         0       9       0       0       0
Total ram usage:        9 bytes
 Hardware stack levels used:    1
 Hardware stack levels required when called:    3
 This function calls:
		___lwdiv
		___lwmod
 This function is called by:
		_itoa
 This function uses a non-reentrant model


 *************** function ___lwmod *****************
 Defined at:
		line 5 in file "D:\machorrin\Programas\mplab\pic\sources\c90\common\lwmod.c"
 Parameters:    Size  Location     Type
  divisor         2    0[BANK0 ] unsigned int 
  dividend        2    2[BANK0 ] unsigned int 
 Auto vars:     Size  Location     Type
  counter         1    5[BANK0 ] unsigned char 
 Return value:  Size  Location     Type
                  2    0[BANK0 ] unsigned int 
 Registers used:
		wreg, status,2, status,0
 Tracked objects:
		On entry : 
		On exit  : 
		Unchanged: 
 Data sizes:     COMMON   BANK0   BANK1   BANK3   BANK2
      Params:         0       4       0       0       0
      Locals:         0       1       0       0       0
      Temps:          0       1       0       0       0
      Totals:         0       6       0       0       0
Total ram usage:        6 bytes
 Hardware stack levels used:    1
 Hardware stack levels required when called:    2
 This function calls:
		Nothing
 This function is called by:
		_utoa
 This function uses a non-reentrant model


 *************** function ___lwdiv *****************
 Defined at:
		line 5 in file "D:\machorrin\Programas\mplab\pic\sources\c90\common\lwdiv.c"
 Parameters:    Size  Location     Type
  divisor         2    0[BANK0 ] unsigned int 
  dividend        2    2[BANK0 ] unsigned int 
 Auto vars:     Size  Location     Type
  quotient        2    5[BANK0 ] unsigned int 
  counter         1    7[BANK0 ] unsigned char 
 Return value:  Size  Location     Type
                  2    0[BANK0 ] unsigned int 
 Registers used:
		wreg, status,2, status,0
 Tracked objects:
		On entry : 
		On exit  : 
		Unchanged: 
 Data sizes:     COMMON   BANK0   BANK1   BANK3   BANK2
      Params:         0       4       0       0       0
      Locals:         0       3       0       0       0
      Temps:          0       1       0       0       0
      Totals:         0       8       0       0       0
Total ram usage:        8 bytes
 Hardware stack levels used:    1
 Hardware stack levels required when called:    2
 This function calls:
		Nothing
 This function is called by:
		_utoa
 This function uses a non-reentrant model


 *************** function _moonwalk *****************
 Defined at:
		line 347 in file "machorrobot.c"
 Parameters:    Size  Location     Type
		None
 Auto vars:     Size  Location     Type
  i               1   11[BANK0 ] unsigned char 
  i               1   10[BANK0 ] unsigned char 
  i               1    9[BANK0 ] unsigned char 
  i               1    8[BANK0 ] unsigned char 
 Return value:  Size  Location     Type
                  1    wreg      void 
 Registers used:
		wreg, fsr0l, fsr0h, status,2, status,0, pclath, cstack
 Tracked objects:
		On entry : 
		On exit  : 
		Unchanged: 
 Data sizes:     COMMON   BANK0   BANK1   BANK3   BANK2
      Params:         0       0       0       0       0
      Locals:         0       4       0       0       0
      Temps:          0       2       0       0       0
      Totals:         0       6       0       0       0
Total ram usage:        6 bytes
 Hardware stack levels used:    1
 Hardware stack levels required when called:    4
 This function calls:
		_moveCCPservo
 This function is called by:
		_main
 This function uses a non-reentrant model


 *************** function _initUart *****************
 Defined at:
		line 425 in file "machorrobot.c"
 Parameters:    Size  Location     Type
		None
 Auto vars:     Size  Location     Type
		None
 Return value:  Size  Location     Type
                  1    wreg      void 
 Registers used:
		wreg
 Tracked objects:
		On entry : 
		On exit  : 
		Unchanged: 
 Data sizes:     COMMON   BANK0   BANK1   BANK3   BANK2
      Params:         0       0       0       0       0
      Locals:         0       0       0       0       0
      Temps:          0       0       0       0       0
      Totals:         0       0       0       0       0
Total ram usage:        0 bytes
 Hardware stack levels used:    1
 Hardware stack levels required when called:    2
 This function calls:
		Nothing
 This function is called by:
		_main
 This function uses a non-reentrant model


 *************** function _ejecutarComando *****************
 Defined at:
		line 462 in file "machorrobot.c"
 Parameters:    Size  Location     Type
		None
 Auto vars:     Size  Location     Type
  numeros         2   16[BANK0 ] int 
 Return value:  Size  Location     Type
                  1    wreg      void 
 Registers used:
		wreg, fsr0l, fsr0h, status,2, status,0, btemp+1, pclath, cstack
 Tracked objects:
		On entry : 
		On exit  : 
		Unchanged: 
 Data sizes:     COMMON   BANK0   BANK1   BANK3   BANK2
      Params:         0       0       0       0       0
      Locals:         0       2       0       0       0
      Temps:          0       2       0       0       0
      Totals:         0       4       0       0       0
Total ram usage:        4 bytes
 Hardware stack levels used:    1
 Hardware stack levels required when called:    4
 This function calls:
		_SendChar
		_SendString
		_atoi
		_moveCCPservo
 This function is called by:
		_main
 This function uses a non-reentrant model


 *************** function _atoi *****************
 Defined at:
		line 5 in file "D:\machorrin\Programas\mplab\pic\sources\c90\common\atoi.c"
 Parameters:    Size  Location     Type
  s               1    wreg     PTR const unsigned char 
		 -> numero(4), 
 Auto vars:     Size  Location     Type
  s               1   13[BANK0 ] PTR const unsigned char 
		 -> numero(4), 
  a               2   11[BANK0 ] int 
  sign            1   10[BANK0 ] unsigned char 
 Return value:  Size  Location     Type
                  2    6[BANK0 ] int 
 Registers used:
		wreg, fsr0l, fsr0h, status,2, status,0, pclath, cstack
 Tracked objects:
		On entry : 
		On exit  : 
		Unchanged: 
 Data sizes:     COMMON   BANK0   BANK1   BANK3   BANK2
      Params:         0       2       0       0       0
      Locals:         0       4       0       0       0
      Temps:          0       2       0       0       0
      Totals:         0       8       0       0       0
Total ram usage:        8 bytes
 Hardware stack levels used:    1
 Hardware stack levels required when called:    3
 This function calls:
		___wmul
		_isdigit
 This function is called by:
		_ejecutarComando
 This function uses a non-reentrant model


 *************** function _isdigit *****************
 Defined at:
		line 8 in file "D:\machorrin\Programas\mplab\pic\sources\c90\common\isdigit.c"
 Parameters:    Size  Location     Type
  c               1    wreg     unsigned char 
 Auto vars:     Size  Location     Type
  c               1    1[BANK0 ] unsigned char 
 Return value:  Size  Location     Type
		None               void
 Registers used:
		wreg, status,2, status,0
 Tracked objects:
		On entry : 
		On exit  : 
		Unchanged: 
 Data sizes:     COMMON   BANK0   BANK1   BANK3   BANK2
      Params:         0       0       0       0       0
      Locals:         0       2       0       0       0
      Temps:          0       0       0       0       0
      Totals:         0       2       0       0       0
Total ram usage:        2 bytes
 Hardware stack levels used:    1
 Hardware stack levels required when called:    2
 This function calls:
		Nothing
 This function is called by:
		_atoi
 This function uses a non-reentrant model


 *************** function ___wmul *****************
 Defined at:
		line 15 in file "D:\machorrin\Programas\mplab\pic\sources\c90\common\Umul16.c"
 Parameters:    Size  Location     Type
  multiplier      2    0[BANK0 ] unsigned int 
  multiplicand    2    2[BANK0 ] unsigned int 
 Auto vars:     Size  Location     Type
  product         2    4[BANK0 ] unsigned int 
 Return value:  Size  Location     Type
                  2    0[BANK0 ] unsigned int 
 Registers used:
		wreg, status,2, status,0
 Tracked objects:
		On entry : 
		On exit  : 
		Unchanged: 
 Data sizes:     COMMON   BANK0   BANK1   BANK3   BANK2
      Params:         0       4       0       0       0
      Locals:         0       2       0       0       0
      Temps:          0       0       0       0       0
      Totals:         0       6       0       0       0
Total ram usage:        6 bytes
 Hardware stack levels used:    1
 Hardware stack levels required when called:    2
 This function calls:
		Nothing
 This function is called by:
		_atoi
 This function uses a non-reentrant model


 *************** function _SendString *****************
 Defined at:
		line 455 in file "machorrobot.c"
 Parameters:    Size  Location     Type
  string          2    1[BANK0 ] PTR const unsigned char 
		 -> STR_8(4), STR_7(4), STR_6(3), STR_5(23), 
		 -> STR_4(4), STR_3(4), STR_2(3), debug(6), 
		 -> STR_1(23), numero(4), 
  largo           1    3[BANK0 ] const unsigned char 
 Auto vars:     Size  Location     Type
  i               2    7[BANK0 ] int 
 Return value:  Size  Location     Type
                  1    wreg      void 
 Registers used:
		wreg, fsr0l, fsr0h, status,2, status,0, btemp+1, pclath, cstack
 Tracked objects:
		On entry : 
		On exit  : 
		Unchanged: 
 Data sizes:     COMMON   BANK0   BANK1   BANK3   BANK2
      Params:         0       3       0       0       0
      Locals:         0       2       0       0       0
      Temps:          0       3       0       0       0
      Totals:         0       8       0       0       0
Total ram usage:        8 bytes
 Hardware stack levels used:    1
 Hardware stack levels required when called:    3
 This function calls:
		_SendChar
 This function is called by:
		_ejecutarComando
		_savePosition
		_readPosition
 This function uses a non-reentrant model


 *************** function _SendChar *****************
 Defined at:
		line 449 in file "machorrobot.c"
 Parameters:    Size  Location     Type
  caracter        1    wreg     const unsigned char 
 Auto vars:     Size  Location     Type
  caracter        1    0[BANK0 ] const unsigned char 
 Return value:  Size  Location     Type
                  1    wreg      void 
 Registers used:
		wreg
 Tracked objects:
		On entry : 
		On exit  : 
		Unchanged: 
 Data sizes:     COMMON   BANK0   BANK1   BANK3   BANK2
      Params:         0       0       0       0       0
      Locals:         0       1       0       0       0
      Temps:          0       0       0       0       0
      Totals:         0       1       0       0       0
Total ram usage:        1 bytes
 Hardware stack levels used:    1
 Hardware stack levels required when called:    2
 This function calls:
		Nothing
 This function is called by:
		_SendString
		_ejecutarComando
		_savePosition
		_readPosition
 This function uses a non-reentrant model


 *************** function _aletear *****************
 Defined at:
		line 330 in file "machorrobot.c"
 Parameters:    Size  Location     Type
		None
 Auto vars:     Size  Location     Type
  i               1   10[BANK0 ] unsigned char 
  i               1    9[BANK0 ] unsigned char 
  i               1    8[BANK0 ] unsigned char 
 Return value:  Size  Location     Type
                  1    wreg      void 
 Registers used:
		wreg, fsr0l, fsr0h, status,2, status,0, pclath, cstack
 Tracked objects:
		On entry : 
		On exit  : 
		Unchanged: 
 Data sizes:     COMMON   BANK0   BANK1   BANK3   BANK2
      Params:         0       0       0       0       0
      Locals:         0       3       0       0       0
      Temps:          0       2       0       0       0
      Totals:         0       5       0       0       0
Total ram usage:        5 bytes
 Hardware stack levels used:    1
 Hardware stack levels required when called:    4
 This function calls:
		_moveCCPservo
 This function is called by:
		_main
 This function uses a non-reentrant model


 *************** function _moveCCPservo *****************
 Defined at:
		line 314 in file "machorrobot.c"
 Parameters:    Size  Location     Type
  angle           1    wreg     unsigned char 
  servo           1    1[BANK0 ] unsigned char 
 Auto vars:     Size  Location     Type
  angle           1    4[BANK0 ] unsigned char 
  valor           1    5[BANK0 ] unsigned char 
 Return value:  Size  Location     Type
                  1    wreg      void 
 Registers used:
		wreg, fsr0l, fsr0h, status,2, status,0, pclath, cstack
 Tracked objects:
		On entry : 
		On exit  : 
		Unchanged: 
 Data sizes:     COMMON   BANK0   BANK1   BANK3   BANK2
      Params:         0       1       0       0       0
      Locals:         0       2       0       0       0
      Temps:          0       2       0       0       0
      Totals:         0       5       0       0       0
Total ram usage:        5 bytes
 Hardware stack levels used:    1
 Hardware stack levels required when called:    3
 This function calls:
		_cicloDeTrabajo
 This function is called by:
		_aletear
		_moonwalk
		_ejecutarComando
 This function uses a non-reentrant model


 *************** function _cicloDeTrabajo *****************
 Defined at:
		line 309 in file "machorrobot.c"
 Parameters:    Size  Location     Type
  valor           1    wreg     unsigned char 
 Auto vars:     Size  Location     Type
  valor           1    0[BANK0 ] unsigned char 
 Return value:  Size  Location     Type
                  1    wreg      unsigned char 
 Registers used:
		wreg, status,2, status,0
 Tracked objects:
		On entry : 
		On exit  : 
		Unchanged: 
 Data sizes:     COMMON   BANK0   BANK1   BANK3   BANK2
      Params:         0       0       0       0       0
      Locals:         0       1       0       0       0
      Temps:          0       0       0       0       0
      Totals:         0       1       0       0       0
Total ram usage:        1 bytes
 Hardware stack levels used:    1
 Hardware stack levels required when called:    2
 This function calls:
		Nothing
 This function is called by:
		_moveCCPservo
 This function uses a non-reentrant model


 *************** function _ISR *****************
 Defined at:
		line 78 in file "machorrobot.c"
 Parameters:    Size  Location     Type
		None
 Auto vars:     Size  Location     Type
  aux             1    7[COMMON] unsigned char 
 Return value:  Size  Location     Type
                  1    wreg      void 
 Registers used:
		wreg, fsr0l, fsr0h, status,2, status,0, pclath, cstack
 Tracked objects:
		On entry : 
		On exit  : 
		Unchanged: 
 Data sizes:     COMMON   BANK0   BANK1   BANK3   BANK2
      Params:         0       0       0       0       0
      Locals:         1       0       0       0       0
      Temps:          6       0       0       0       0
      Totals:         7       0       0       0       0
Total ram usage:        7 bytes
 Hardware stack levels used:    1
 Hardware stack levels required when called:    1
 This function calls:
		i1_cicloDeTrabajo
 This function is called by:
		Interrupt level 1
 This function uses a non-reentrant model


 *************** function i1_cicloDeTrabajo *****************
 Defined at:
		line 309 in file "machorrobot.c"
 Parameters:    Size  Location     Type
  valor           1    wreg     unsigned char 
 Auto vars:     Size  Location     Type
  valor           1    0[COMMON] unsigned char 
 Return value:  Size  Location     Type
                  1    wreg      unsigned char 
 Registers used:
		wreg, status,2, status,0
 Tracked objects:
		On entry : 
		On exit  : 
		Unchanged: 
 Data sizes:     COMMON   BANK0   BANK1   BANK3   BANK2
      Params:         0       0       0       0       0
      Locals:         1       0       0       0       0
      Temps:          0       0       0       0       0
      Totals:         1       0       0       0       0
Total ram usage:        1 bytes
 Hardware stack levels used:    1
 This function calls:
		Nothing
 This function is called by:
		_ISR
 This function uses a non-reentrant model



MODULE INFORMATION

Module		Function		Class		Link	Load	Size
D:\machorrin\Programas\mplab\pic\sources\c90\common\Umul16.c
		___wmul        		CODE           	0FD9	0000	39

D:\machorrin\Programas\mplab\pic\sources\c90\common\Umul16.c estimated size: 39

D:\machorrin\Programas\mplab\pic\sources\c90\common\itoa.c
		_itoa          		CODE           	0FB3	0000	38
		_utoa          		CODE           	05DC	0000	114

D:\machorrin\Programas\mplab\pic\sources\c90\common\itoa.c estimated size: 152

D:\machorrin\Programas\mplab\pic\sources\c90\common\lwdiv.c
		___lwdiv       		CODE           	075D	0000	70

D:\machorrin\Programas\mplab\pic\sources\c90\common\lwdiv.c estimated size: 70

D:\machorrin\Programas\mplab\pic\sources\c90\common\isdigit.c
		_isdigit       		CODE           	0F79	0000	20

D:\machorrin\Programas\mplab\pic\sources\c90\common\isdigit.c estimated size: 20

machorrobot.c
		_moveCCPservo  		CODE           	0F8D	0000	38
		_SendString    		CODE           	06C0	0000	87
		_ISR           		CODE           	0046	0000	276
		_cicloDeTrabajo		CODE           	0F3C	0000	6
		_savePosition  		CODE           	015A	0000	268
		_main          		CODE           	0369	0000	217
		_readPosition  		CODE           	0266	0000	259
		_initUart      		CODE           	0F67	0000	18
		_SendChar      		CODE           	0F4A	0000	14
		_ejecutarComando		CODE           	055B	0000	129
		_readEEPROM    		CODE           	0F58	0000	15
		_writeEEPROM   		CODE           	07DF	0000	33
		_aletear       		CODE           	064E	0000	114
		_moonwalk      		CODE           	0442	0000	150

machorrobot.c estimated size: 1624

shared
		__stringtab    		STRING         	0717	0000	16
		__initialization		CODE           	0011	0000	49
		i1_cicloDeTrabajo		CODE           	0F34	0000	4

shared estimated size: 69

D:\machorrin\Programas\mplab\pic\sources\c90\common\atoi.c
		_atoi          		CODE           	04D8	0000	131

D:\machorrin\Programas\mplab\pic\sources\c90\common\atoi.c estimated size: 131

D:\machorrin\Programas\mplab\pic\sources\c90\common\lwmod.c
		___lwmod       		CODE           	07A3	0000	60

D:\machorrin\Programas\mplab\pic\sources\c90\common\lwmod.c estimated size: 60

